MAC-адрес: 
extraterrestrial_@extrakek:~$ ifconfig -a | grep ether | awk '{print $2}'
a0:c5:89:61:bc:46

Отключить и включить обратно сетевой интерфейс: 
extraterrestrial_@extrakek:~$ sudo ifconfig wlp2s0 down
extraterrestrial_@extrakek:~$ ifconfig
lo: flags=73<UP,LOOPBACK,RUNNING>  mtu 65536
        inet 127.0.0.1  netmask 255.0.0.0
        inet6 ::1  prefixlen 128  scopeid 0x10<host>
        loop  txqueuelen 1000  (Локальная петля (Loopback))
        RX packets 200422  bytes 37927202 (37.9 MB)
        RX errors 0  dropped 0  overruns 0  frame 0
        TX packets 200422  bytes 37927202 (37.9 MB)
        TX errors 0  dropped 0 overruns 0  carrier 0  collisions 0

extraterrestrial_@extrakek:~$ sudo ifconfig wlp2s0 up

Доступность узлов: 
extraterrestrial_@extrakek:~$ ping -c 10 8.8.8.8
PING 8.8.8.8 (8.8.8.8) 56(84) bytes of data.
64 bytes from 8.8.8.8: icmp_seq=1 ttl=109 time=5.30 ms
64 bytes from 8.8.8.8: icmp_seq=2 ttl=109 time=5.19 ms
64 bytes from 8.8.8.8: icmp_seq=3 ttl=109 time=5.67 ms
64 bytes from 8.8.8.8: icmp_seq=4 ttl=109 time=5.37 ms
64 bytes from 8.8.8.8: icmp_seq=5 ttl=109 time=5.19 ms
64 bytes from 8.8.8.8: icmp_seq=6 ttl=109 time=5.36 ms
64 bytes from 8.8.8.8: icmp_seq=7 ttl=109 time=5.18 ms
64 bytes from 8.8.8.8: icmp_seq=8 ttl=109 time=5.21 ms
64 bytes from 8.8.8.8: icmp_seq=9 ttl=109 time=5.19 ms
64 bytes from 8.8.8.8: icmp_seq=10 ttl=109 time=5.78 ms

--- 8.8.8.8 ping statistics ---
10 packets transmitted, 10 received, 0% packet loss, time 9011ms
rtt min/avg/max/mdev = 5.189/5.348/5.783/0.203 ms
extraterrestrial_@extrakek:~$ ping -c 5 debian.org
PING debian.org (149.20.4.15) 56(84) bytes of data.
64 bytes from mirror-isc3.debian.org (149.20.4.15): icmp_seq=1 ttl=55 time=175 ms
64 bytes from mirror-isc3.debian.org (149.20.4.15): icmp_seq=2 ttl=55 time=174 ms
64 bytes from mirror-isc3.debian.org (149.20.4.15): icmp_seq=3 ttl=55 time=174 ms
64 bytes from mirror-isc3.debian.org (149.20.4.15): icmp_seq=4 ttl=55 time=174 ms
64 bytes from mirror-isc3.debian.org (149.20.4.15): icmp_seq=5 ttl=55 time=174 ms

--- debian.org ping statistics ---
5 packets transmitted, 5 received, 0% packet loss, time 4005ms
rtt min/avg/max/mdev = 174.595/174.732/175.162/0.431 ms

Трасса до узла:
extraterrestrial_@extrakek:~$ traceroute ubuntu.com
traceroute to ubuntu.com (91.189.88.180), 30 hops max, 60 byte packets
 1  _gateway (192.168.0.1)  0.587 ms  0.636 ms  1.198 ms
 2  * * *
 3  vlan3.kronos.pu.ru (195.70.196.3)  2.203 ms  2.204 ms  2.710 ms
 4  195.70.206.129 (195.70.206.129)  2.859 ms  2.852 ms  3.145 ms
 5  185.1.152.59 (185.1.152.59)  13.379 ms  13.537 ms  13.554 ms
 6  100ge8-2.core1.tll1.he.net (184.104.192.93)  22.797 ms  22.556 ms  23.187 ms
 7  100ge9-2.core1.sto1.he.net (184.104.192.81)  27.344 ms  26.761 ms  26.759 ms
 8  100ge8-2.core1.ams1.he.net (184.105.65.125)  46.170 ms  46.244 ms  46.222 ms
 9  100ge0-54.core1.ams2.he.net (184.104.192.130)  47.533 ms  47.324 ms  46.984 ms
10  100ge0-31.core2.lon3.he.net (184.104.193.193)  52.536 ms  52.928 ms  52.691 ms
11  184.104.203.50 (184.104.203.50)  52.233 ms  53.070 ms  52.673 ms
12  cactuar.canonical.com (91.189.88.180)  50.476 ms  50.329 ms  50.593 ms

Остальное пинание:

extraterrestrial_@extrakek:~$ ifconfig
lo: flags=73<UP,LOOPBACK,RUNNING>  mtu 65536
        inet 127.0.0.1  netmask 255.0.0.0
        inet6 ::1  prefixlen 128  scopeid 0x10<host>
        loop  txqueuelen 1000  (Локальная петля (Loopback))
        RX packets 200346  bytes 37921468 (37.9 MB)
        RX errors 0  dropped 0  overruns 0  frame 0
        TX packets 200346  bytes 37921468 (37.9 MB)
        TX errors 0  dropped 0 overruns 0  carrier 0  collisions 0

wlp2s0: flags=4163<UP,BROADCAST,RUNNING,MULTICAST>  mtu 1500
        inet 192.168.0.102  netmask 255.255.255.0  broadcast 192.168.0.255
        inet6 fe80::46fa:1db5:9f7f:904f  prefixlen 64  scopeid 0x20<link>
        ether a0:c5:89:61:bc:46  txqueuelen 1000  (Ethernet)
        RX packets 1328412  bytes 1516919146 (1.5 GB)
        RX errors 0  dropped 0  overruns 0  frame 0
        TX packets 692395  bytes 135305550 (135.3 MB)
        TX errors 0  dropped 0 overruns 0  carrier 0  collisions 0

extraterrestrial_@extrakek:~$ ifconfig -s
Iface      MTU    RX-OK RX-ERR RX-DRP RX-OVR    TX-OK TX-ERR TX-DRP TX-OVR Flg
lo       65536   200362      0      0 0        200362      0      0      0 LRU
wlp2s0    1500  1328430      0      0 0        692416      0      0      0 BMRU
extraterrestrial_@extrakek:~$ sudo ifconfig wlp2s0 down
[sudo] пароль для extraterrestrial_:             
extraterrestrial_@extrakek:~$ ifconfig
lo: flags=73<UP,LOOPBACK,RUNNING>  mtu 65536
        inet 127.0.0.1  netmask 255.0.0.0
        inet6 ::1  prefixlen 128  scopeid 0x10<host>
        loop  txqueuelen 1000  (Локальная петля (Loopback))
        RX packets 200422  bytes 37927202 (37.9 MB)
        RX errors 0  dropped 0  overruns 0  frame 0
        TX packets 200422  bytes 37927202 (37.9 MB)
        TX errors 0  dropped 0 overruns 0  carrier 0  collisions 0

extraterrestrial_@extrakek:~$ sudo ifconfig wlp2s0 up

extraterrestrial_@extrakek:~$ hostname
extrakek
extraterrestrial_@extrakek:~$ hostname -i
127.0.1.1
extraterrestrial_@extrakek:~$ hostname -I
192.168.0.102 
extraterrestrial_@extrakek:~$ sudo hostname randomname
extraterrestrial_@extrakek:~$ hostname
randomname

extraterrestrial_@extrakek:~$ netstat -at
Активные соединения с интернетом (servers and established)
Proto Recv-Q Send-Q Local Address Foreign Address State      
tcp        0      0 localhost:domain        0.0.0.0:*               LISTEN     
tcp        0      0 localhost:ipp           0.0.0.0:*               LISTEN     
tcp        0      0 extrakek:44710          lg-in-f101.1e100.:https TIME_WAIT  
tcp        0      0 extrakek:51372          static.yandex.net:https ESTABLISHED
tcp        0      0 extrakek:43414          avatars.mds.yande:https ESTABLISHED
tcp        0      0 extrakek:38112          suggest.yandex.ne:https ESTABLISHED
tcp        0      0 extrakek:54848          srv131-129-240-87:https ESTABLISHED
tcp        0      0 extrakek:57400          static.165.244.69:https ESTABLISHED
tcp        0      0 extrakek:57398          static.165.244.69:https ESTABLISHED
tcp        0      0 extrakek:50176          lb-140-82-113-26-:https ESTABLISHED
tcp        0      0 extrakek:56564          lg-in-f97.1e100.n:https TIME_WAIT  
tcp        0      0 extrakek:54914          mc.yandex.ru:https      ESTABLISHED
tcp        0      0 192.168.0.98:51988      45.55.41.223:http       CLOSE_WAIT 
tcp        0      0 extrakek:45856          srv67-190-240-87.:https ESTABLISHED
tcp        0      0 extrakek:34430          neerc.ifmo.ru:http      TIME_WAIT  
tcp        0      0 extrakek:54848          mc.yandex.ru:https      ESTABLISHED
tcp        0      0 extrakek:38570          172.67.69.212:https     ESTABLISHED
tcp        0      0 extrakek:39362          ec2-44-224-80-214:https ESTABLISHED
tcp        0      0 extrakek:57062          a2-16-103-25.deplo:http ESTABLISHED
tcp        0      0 extrakek:37014          mail-yandex-ru-pr:https ESTABLISHED
tcp        0      0 extrakek:55890          lg-in-f194.1e100.:https ESTABLISHED
tcp        0      0 extrakek:51168          104.16.168.35:https     TIME_WAIT  
tcp        0      0 extrakek:34686          149.154.167.50:https    ESTABLISHED
tcp        0      0 extrakek:55172          lg-in-f100.1e100.:https TIME_WAIT  
tcp        0      0 extrakek:47840          srv189-204.vkonta:https TIME_WAIT  
tcp        0      0 extrakek:51288          static.yandex.net:https TIME_WAIT  
tcp        0      0 extrakek:48046          lk-in-f94.1e100.n:https TIME_WAIT  
tcp        0      0 extrakek:51264          lf-in-f94.1e100.n:https ESTABLISHED
tcp        0      0 extrakek:50172          lb-140-82-113-26-:https ESTABLISHED
tcp        0      0 extrakek:55170          lg-in-f100.1e100.:https ESTABLISHED
tcp        0      0 extrakek:36284          104.18.225.52:https     TIME_WAIT  
tcp        0      0 extrakek:54920          93.186.225.201:https    ESTABLISHED
tcp        0      0 extrakek:50482          mail.stepik.org:https   ESTABLISHED
tcp        0      0 extrakek:57392          static.165.244.69:https ESTABLISHED
tcp        0      0 extrakek:58018          104.16.220.96:https     TIME_WAIT  
tcp        0      0 extrakek:50170          lb-140-82-113-26-:https ESTABLISHED
tcp        0      0 extrakek:51286          static.yandex.net:https TIME_WAIT  
tcp        0      0 extrakek:35554          149.154.167.50:https    ESTABLISHED
tcp        0      0 extrakek:58438          yandex.ru:https         ESTABLISHED
tcp        0      0 extrakek:43330          avatars.mds.yande:https TIME_WAIT  
tcp        0      0 extrakek:59458          favicon.yandex.ne:https ESTABLISHED
tcp        0      0 extrakek:55940          104.26.10.125:https     TIME_WAIT  
tcp        0      0 extrakek:32938          csp-report.stable:https ESTABLISHED
tcp        0      0 extrakek:32940          csp-report.stable:https ESTABLISHED
tcp        0      0 extrakek:50696          im-tub.yandex.ru:https  ESTABLISHED
tcp        0      0 extrakek:50486          mail.stepik.org:https   ESTABLISHED
tcp        0      0 extrakek:57396          static.165.244.69:https ESTABLISHED
tcp6       0      0 ip6-localhost:ipp       [::]:*                  LISTEN     
extraterrestrial_@extrakek:~$ netstat -au
Активные соединения с интернетом (servers and established)
Proto Recv-Q Send-Q Local Address Foreign Address State      
udp        0      0 0.0.0.0:60968           0.0.0.0:*                          
udp    47616      0 localhost:domain        0.0.0.0:*                          
udp        0      0 0.0.0.0:bootpc          0.0.0.0:*                          
udp        0      0 0.0.0.0:ipp             0.0.0.0:*                          
udp     2560      0 0.0.0.0:mdns            0.0.0.0:*                          
udp6       0      0 [::]:44560              [::]:*                             
udp6   49920      0 [::]:mdns               [::]:*          
extraterrestrial_@extrakek:~$ netstat -s
Ip:
    Forwarding: 2
    940163 total packets received
    16 with invalid addresses
    0 forwarded
    0 incoming packets discarded
    938981 incoming packets delivered
    860148 requests sent out
    2 outgoing packets dropped
    13624 dropped because of missing route
Icmp:
    87 ICMP messages received
    0 input ICMP message failed
    Гистограмма входа ICMP
        destination unreachable: 53
        timeout in transit: 25
        echo replies: 9
    192 ICMP messages sent
    0 ICMP messages failed
    Гистограмма выхода ICMP
        destination unreachable: 183
        echo requests: 9
IcmpMsg:
        InType0: 9
        InType3: 53
        InType11: 25
        OutType3: 183
        OutType8: 9
Tcp:
    12055 active connection openings
    842 passive connection openings
    227 failed connection attempts
    183 connection resets received
    21 connections established
    784473 segments received
    716444 segments sent out
    2146 segments retransmitted
    23 bad segments received
    8554 resets sent
Udp:
    176589 packets received
    193 packets to unknown port received
    0 packet receive errors
    176675 packets sent
    0 receive buffer errors
    0 send buffer errors
    IgnoredMulti: 39
UdpLite:
TcpExt:
    8 packets pruned from receive queue because of socket buffer overrun
    5431 TCP sockets finished time wait in fast timer
    1 packetes rejected in established connections because of timestamp
    12700 delayed acks sent
    3 delayed acks further delayed because of locked socket
    Quick ack mode was activated 1845 times
    462488 packet headers predicted
    66984 acknowledgments not containing data payload received
    93457 predicted acknowledgments
    TCPSackRecovery: 13
    Detected reordering 149 times using SACK
    Detected reordering 5 times using time stamp
    1 congestion windows fully recovered without slow start
    5 congestion windows partially recovered using Hoe heuristic
    TCPDSACKUndo: 2
    226 congestion windows recovered without slow start after partial ack
    TCPLostRetransmit: 5
    TCPSackFailures: 1
    129 fast retransmits
    TCPTimeouts: 440
    TCPLossProbes: 560
    TCPLossProbeRecovery: 33
    TCPSackRecoveryFail: 1
    144 packets collapsed in receive queue due to low socket buffer
    TCPDSACKOldSent: 1853
    TCPDSACKOfoSent: 22
    TCPDSACKRecv: 492
    2138 connections reset due to unexpected data
    34 connections reset due to early user close
    261 connections aborted due to timeout
    20 times unable to send RST due to no memory
    TCPDSACKIgnoredOld: 2
    TCPDSACKIgnoredNoUndo: 166
    TCPSackShifted: 11
    TCPSackMerged: 32
    TCPSackShiftFallback: 250
    IPReversePathFilter: 78
    TCPRcvCoalesce: 170581
    TCPOFOQueue: 34906
    TCPOFOMerge: 22
    TCPChallengeACK: 22
    TCPSYNChallenge: 23
    TCPSpuriousRtxHostQueues: 25
    TCPAutoCorking: 14
    TCPWantZeroWindowAdv: 53
    TCPSynRetrans: 1214
    TCPOrigDataSent: 187200
    TCPHystartTrainDetect: 39
    TCPHystartTrainCwnd: 1618
    TCPHystartDelayDetect: 4
    TCPHystartDelayCwnd: 179
    TCPACKSkippedChallenge: 1
    TCPKeepAlive: 21868
IpExt:
    InMcastPkts: 2080
    OutMcastPkts: 924
    InBcastPkts: 39
    OutBcastPkts: 34
    InOctets: 1500904734
    OutOctets: 135490877
    InMcastOctets: 192171
    OutMcastOctets: 71936
    InBcastOctets: 3424
    OutBcastOctets: 1776
    InNoECTPkts: 1507560
extraterrestrial_@extrakek:~$ netstat -i
Таблица интерфейсов ядра
Iface      MTU    RX-OK RX-ERR RX-DRP RX-OVR    TX-OK TX-ERR TX-DRP TX-OVR Flg
lo       65536   202563      0      0 0        202563      0      0      0 LRU
wlp2s0    1500  1332904      0      0 0        696079      0      0      0 BMRU
extraterrestrial_@extrakek:~$ netstat -l -p
(Не все процессы были идентифицированы, информация о процессах без владельца
 не будет отображена, вам нужны права суперпользователя (root), чтобы увидеть всю информацию.)
Активные соединения с интернетом (only servers)
Proto Recv-Q Send-Q Local Address Foreign Address State       PID/Program name    
tcp        0      0 localhost:domain        0.0.0.0:*               LISTEN      -                   
tcp        0      0 localhost:ipp           0.0.0.0:*               LISTEN      -                   
tcp6       0      0 ip6-localhost:ipp       [::]:*                  LISTEN      -                   
udp        0      0 0.0.0.0:60968           0.0.0.0:*                           -                   
udp    12288      0 localhost:domain        0.0.0.0:*                           -                   
udp        0      0 0.0.0.0:bootpc          0.0.0.0:*                           -                   
udp        0      0 0.0.0.0:ipp             0.0.0.0:*                           -                   
udp     3840      0 0.0.0.0:mdns            0.0.0.0:*                           -                   
udp6       0      0 [::]:44560              [::]:*                              -                   
udp6   51200      0 [::]:mdns               [::]:*                              -                   
raw6       0      0 [::]:ipv6-icmp          [::]:*                  7           -                   
Активные сокеты домена UNIX (only servers)
Proto RefCnt Flags       Type       State         I-Node   PID/Program name     Путь
unix  2      [ ACC ]     SEQPACKET  LISTENING     15549    -                    /run/udev/control
unix  2      [ ACC ]     STREAM     LISTENING     27423    1047/systemd         /run/user/1000/systemd/private
unix  2      [ ACC ]     STREAM     LISTENING     27427    1047/systemd         /run/user/1000/bus
unix  2      [ ACC ]     STREAM     LISTENING     27428    1047/systemd         /run/user/1000/gnupg/S.gpg-agent.browser
unix  2      [ ACC ]     STREAM     LISTENING     27429    1047/systemd         /run/user/1000/gnupg/S.gpg-agent.extra
unix  2      [ ACC ]     STREAM     LISTENING     27430    1047/systemd         /run/user/1000/gnupg/S.gpg-agent
unix  2      [ ACC ]     STREAM     LISTENING     27431    1047/systemd         /run/user/1000/gnupg/S.dirmngr
unix  2      [ ACC ]     STREAM     LISTENING     27432    1047/systemd         /run/user/1000/gnupg/S.gpg-agent.ssh
unix  2      [ ACC ]     STREAM     LISTENING     27444    -                    /run/user/1000/keyring/control
unix  2      [ ACC ]     STREAM     LISTENING     28920    -                    /run/user/1000/keyring/pkcs11
unix  2      [ ACC ]     STREAM     LISTENING     23192    -                    @irqbalance716.sock
unix  2      [ ACC ]     STREAM     LISTENING     28923    -                    /run/user/1000/keyring/ssh
unix  2      [ ACC ]     STREAM     LISTENING     27502    1067/cinnamon-sessi  @/tmp/.ICE-unix/1067
unix  2      [ ACC ]     STREAM     LISTENING     1133134  -                    /run/cups/cups.sock
unix  2      [ ACC ]     STREAM     LISTENING     30982    1321/pulseaudio      /run/user/1000/pulse/native
unix  2      [ ACC ]     STREAM     LISTENING     23965    -                    @/tmp/.X11-unix/X0
unix  2      [ ACC ]     STREAM     LISTENING     23966    -                    /tmp/.X11-unix/X0
unix  2      [ ACC ]     STREAM     LISTENING     24247    -                    /tmp/ssh-pb0ykEviLtf5/agent.1067
unix  2      [ ACC ]     STREAM     LISTENING     27503    1067/cinnamon-sessi  /tmp/.ICE-unix/1067
unix  2      [ ACC ]     STREAM     LISTENING     33254    1817/flatpak-dbus-p  /run/user/1000/.dbus-proxy/session-bus-proxy-B21HS0
unix  2      [ ACC ]     STREAM     LISTENING     30980    1321/pulseaudio      /tmp/.esd-1000/socket
unix  2      [ ACC ]     STREAM     LISTENING     33255    1817/flatpak-dbus-p  /run/user/1000/.dbus-proxy/a11y-bus-proxy-KU1HS0
unix  2      [ ACC ]     STREAM     LISTENING     34312    1820/telegram-deskt  /run/user/1000/app/org.telegram.desktop/46ad42a317645a3ce39d494ec97a21a3
unix  2      [ ACC ]     STREAM     LISTENING     1423338  3849/speech-dispatc  /run/user/1000/speech-dispatcher/speechd.sock
unix  2      [ ACC ]     STREAM     LISTENING     28772    -                    /run/NetworkManager/private-dhcp
unix  2      [ ACC ]     STREAM     LISTENING     79331    -                    @/tmp/dbus-UX7Iod4Bg7
unix  2      [ ACC ]     STREAM     LISTENING     15509    -                    /run/systemd/private
unix  2      [ ACC ]     STREAM     LISTENING     15526    -                    /run/lvm/lvmpolld.socket
unix  2      [ ACC ]     STREAM     LISTENING     15529    -                    /run/lvm/lvmetad.socket
unix  2      [ ACC ]     STREAM     LISTENING     15533    -                    /run/systemd/fsck.progress
unix  2      [ ACC ]     STREAM     LISTENING     15535    -                    /run/systemd/journal/stdout
unix  2      [ ACC ]     STREAM     LISTENING     24352    1163/dbus-daemon     @/tmp/dbus-Z0qRVzCAhv
unix  2      [ ACC ]     STREAM     LISTENING     21242    -                    /run/avahi-daemon/socket
unix  2      [ ACC ]     STREAM     LISTENING     21244    -                    /run/acpid.socket
unix  2      [ ACC ]     STREAM     LISTENING     21255    -                    /run/uuidd/request
unix  2      [ ACC ]     STREAM     LISTENING     21257    -                    /var/run/dbus/system_bus_socket

extraterrestrial_@extrakek:~$ ping -c 10 google.com
PING google.com (74.125.205.101) 56(84) bytes of data.
64 bytes from le-in-f101.1e100.net (74.125.205.101): icmp_seq=1 ttl=109 time=5.53 ms
64 bytes from le-in-f101.1e100.net (74.125.205.101): icmp_seq=2 ttl=109 time=6.67 ms
64 bytes from le-in-f101.1e100.net (74.125.205.101): icmp_seq=3 ttl=109 time=6.34 ms
64 bytes from le-in-f101.1e100.net (74.125.205.101): icmp_seq=4 ttl=109 time=6.44 ms
64 bytes from le-in-f101.1e100.net (74.125.205.101): icmp_seq=5 ttl=109 time=6.85 ms
64 bytes from le-in-f101.1e100.net (74.125.205.101): icmp_seq=6 ttl=109 time=6.28 ms
64 bytes from le-in-f101.1e100.net (74.125.205.101): icmp_seq=7 ttl=109 time=6.30 ms
64 bytes from le-in-f101.1e100.net (74.125.205.101): icmp_seq=8 ttl=109 time=7.00 ms
64 bytes from le-in-f101.1e100.net (74.125.205.101): icmp_seq=9 ttl=109 time=5.58 ms
64 bytes from le-in-f101.1e100.net (74.125.205.101): icmp_seq=10 ttl=109 time=6.43 ms

--- google.com ping statistics ---
10 packets transmitted, 10 received, 0% packet loss, time 9011ms
rtt min/avg/max/mdev = 5.531/6.345/7.006/0.461 ms

extraterrestrial_@extrakek:~$ ping -c 10 google.com
PING google.com (74.125.205.101) 56(84) bytes of data.
64 bytes from le-in-f101.1e100.net (74.125.205.101): icmp_seq=1 ttl=109 time=5.53 ms
64 bytes from le-in-f101.1e100.net (74.125.205.101): icmp_seq=2 ttl=109 time=6.67 ms
64 bytes from le-in-f101.1e100.net (74.125.205.101): icmp_seq=3 ttl=109 time=6.34 ms
64 bytes from le-in-f101.1e100.net (74.125.205.101): icmp_seq=4 ttl=109 time=6.44 ms
64 bytes from le-in-f101.1e100.net (74.125.205.101): icmp_seq=5 ttl=109 time=6.85 ms
64 bytes from le-in-f101.1e100.net (74.125.205.101): icmp_seq=6 ttl=109 time=6.28 ms
64 bytes from le-in-f101.1e100.net (74.125.205.101): icmp_seq=7 ttl=109 time=6.30 ms
64 bytes from le-in-f101.1e100.net (74.125.205.101): icmp_seq=8 ttl=109 time=7.00 ms
64 bytes from le-in-f101.1e100.net (74.125.205.101): icmp_seq=9 ttl=109 time=5.58 ms
64 bytes from le-in-f101.1e100.net (74.125.205.101): icmp_seq=10 ttl=109 time=6.43 ms

--- google.com ping statistics ---
10 packets transmitted, 10 received, 0% packet loss, time 9011ms
rtt min/avg/max/mdev = 5.531/6.345/7.006/0.461 ms

extraterrestrial_@extrakek:~$ ping -c 3 8.8.8.8
PING 8.8.8.8 (8.8.8.8) 56(84) bytes of data.
64 bytes from 8.8.8.8: icmp_seq=1 ttl=109 time=6.71 ms
64 bytes from 8.8.8.8: icmp_seq=2 ttl=109 time=15.6 ms
64 bytes from 8.8.8.8: icmp_seq=3 ttl=109 time=6.26 ms

--- 8.8.8.8 ping statistics ---
3 packets transmitted, 3 received, 0% packet loss, time 2003ms
rtt min/avg/max/mdev = 6.265/9.549/15.672/4.333 ms

extraterrestrial_@extrakek:~$ traceroute google.com
traceroute to google.com (74.125.205.101), 30 hops max, 60 byte packets
 1  _gateway (192.168.0.1)  0.847 ms  1.146 ms  1.170 ms
 2  vlan591.schevchenko.bb.pu.ru (81.89.176.1)  2.986 ms  2.924 ms  2.808 ms
 3  vlan3.kronos.pu.ru (195.70.196.3)  2.156 ms  2.115 ms  2.411 ms
 4  195.70.206.129 (195.70.206.129)  2.309 ms  2.230 ms  2.389 ms
 5  gw1.spb-ix.google.com (194.226.100.138)  2.543 ms  3.223 ms  2.392 ms
 6  74.125.244.180 (74.125.244.180)  2.265 ms  3.193 ms  3.028 ms
 7  172.253.64.49 (172.253.64.49)  7.212 ms 72.14.232.85 (72.14.232.85)  3.997 ms  3.898 ms
 8  72.14.238.165 (72.14.238.165)  6.690 ms  6.636 ms 72.14.237.199 (72.14.237.199)  7.160 ms
 9  216.239.48.97 (216.239.48.97)  8.689 ms * *
10  * * *
11  * * *
12  * * *
13  * * *
14  * * *
15  * * *
16  * * *
17  * * *
18  * * *
19  le-in-f101.1e100.net (74.125.205.101)  6.108 ms  6.184 ms *

extraterrestrial_@extrakek:~$ sudo traceroute 216.239.48.97
traceroute to 216.239.48.97 (216.239.48.97), 30 hops max, 60 byte packets
 1  _gateway (192.168.0.1)  1.630 ms  1.959 ms  1.948 ms
 2  vlan591.schevchenko.bb.pu.ru (81.89.176.1)  10.139 ms  10.175 ms  10.190 ms
 3  vlan3.kronos.pu.ru (195.70.196.3)  3.943 ms  6.880 ms  6.911 ms
 4  195.70.206.129 (195.70.206.129)  6.907 ms  6.907 ms  6.893 ms
 5  * * *
 6  * * *
 7  * * *
 8  * * *
 9  * * *
10  * * *
11  * * *
12  * * *
13  * * *
14  * * *
15  * * *
16  * * *
17  * * *
18  * * *
19  * * *
20  * * *
21  * * *
22  * * *
23  * * *
24  * * *
25  * * *
26  * * *
27  * * *
28  * * *
29  * * *
30  * * *

extraterrestrial_@extrakek:~$ host google.com
google.com has address 74.125.205.138
google.com has address 74.125.205.102
google.com has address 74.125.205.139
google.com has address 74.125.205.100
google.com has address 74.125.205.101
google.com has address 74.125.205.113
google.com mail is handled by 50 alt4.aspmx.l.google.com.
google.com mail is handled by 20 alt1.aspmx.l.google.com.
google.com mail is handled by 10 aspmx.l.google.com.
google.com mail is handled by 30 alt2.aspmx.l.google.com.
google.com mail is handled by 40 alt3.aspmx.l.google.com.

extraterrestrial_@extrakek:~$ host -t txt google.com
google.com descriptive text "facebook-domain-verification=22rm551cu4k0ab0bxsw536tlds4h95"
google.com descriptive text "docusign=05958488-4752-4ef2-95eb-aa7ba8a3bd0e"
google.com descriptive text "globalsign-smime-dv=CDYX+XFHUw2wml6/Gb8+59BsH31KzUr6c1l2BPvqKX8="
google.com descriptive text "docusign=1b0a6754-49b1-4db5-8540-d2c12664b289"
google.com descriptive text "v=spf1 include:_spf.google.com ~all"

extraterrestrial_@extrakek:~$ host -a google.com
Trying "google.com"
Trying "google.com"
;; ->>HEADER<<- opcode: QUERY, status: NOERROR, id: 49208
;; flags: qr tc rd ra; QUERY: 1, ANSWER: 13, AUTHORITY: 0, ADDITIONAL: 0

;; QUESTION SECTION:
;google.com.                    IN      ANY

;; ANSWER SECTION:
google.com.             214     IN      TXT     "v=spf1 include:_spf.google.com ~all"
google.com.             214     IN      TXT     "docusign=1b0a6754-49b1-4db5-8540-d2c12664b289"
google.com.             214     IN      TXT     "docusign=05958488-4752-4ef2-95eb-aa7ba8a3bd0e"
google.com.             214     IN      TXT     "facebook-domain-verification=22rm551cu4k0ab0bxsw536tlds4h95"
google.com.             214     IN      TXT     "globalsign-smime-dv=CDYX+XFHUw2wml6/Gb8+59BsH31KzUr6c1l2BPvqKX8="
google.com.             238     IN      MX      20 alt1.aspmx.l.google.com.
google.com.             238     IN      MX      10 aspmx.l.google.com.
google.com.             238     IN      MX      40 alt3.aspmx.l.google.com.
google.com.             238     IN      MX      30 alt2.aspmx.l.google.com.
google.com.             238     IN      MX      50 alt4.aspmx.l.google.com.
google.com.             136     IN      A       74.125.205.102
google.com.             136     IN      A       74.125.205.139
google.com.             136     IN      A       74.125.205.101

Received 497 bytes from 127.0.0.53#53 in 5 ms

extraterrestrial_@extrakek:~$ dig google.com

; <<>> DiG 9.11.3-1ubuntu1.3-Ubuntu <<>> google.com
;; global options: +cmd
;; Got answer:
;; ->>HEADER<<- opcode: QUERY, status: NOERROR, id: 31161
;; flags: qr rd ra; QUERY: 1, ANSWER: 6, AUTHORITY: 0, ADDITIONAL: 1

;; OPT PSEUDOSECTION:
; EDNS: version: 0, flags:; udp: 65494
;; QUESTION SECTION:
;google.com.                    IN      A

;; ANSWER SECTION:
google.com.             227     IN      A       74.125.205.101
google.com.             227     IN      A       74.125.205.113
google.com.             227     IN      A       74.125.205.138
google.com.             227     IN      A       74.125.205.100
google.com.             227     IN      A       74.125.205.102
google.com.             227     IN      A       74.125.205.139

;; Query time: 2 msec
;; SERVER: 127.0.0.53#53(127.0.0.53)
;; WHEN: Sun Oct 18 18:50:43 MSK 2020
;; MSG SIZE  rcvd: 135

extraterrestrial_@extrakek:~$ dig google.com +short
74.125.205.139
74.125.205.102
74.125.205.100
74.125.205.138
74.125.205.113
74.125.205.101

extraterrestrial_@extrakek:~$ dig -x 74.125.205.139 +short
le-in-f139.1e100.net.

extraterrestrial_@extrakek:~$ whois google.com
   Domain Name: GOOGLE.COM
   Registry Domain ID: 2138514_DOMAIN_COM-VRSN
   Registrar WHOIS Server: whois.markmonitor.com
   Registrar URL: http://www.markmonitor.com
   Updated Date: 2019-09-09T15:39:04Z
   Creation Date: 1997-09-15T04:00:00Z
   Registry Expiry Date: 2028-09-14T04:00:00Z
   Registrar: MarkMonitor Inc.
   Registrar IANA ID: 292
   Registrar Abuse Contact Email: abusecomplaints@markmonitor.com
   Registrar Abuse Contact Phone: +1.2083895740
   Domain Status: clientDeleteProhibited https://icann.org/epp#clientDeleteProhibited
   Domain Status: clientTransferProhibited https://icann.org/epp#clientTransferProhibited
   Domain Status: clientUpdateProhibited https://icann.org/epp#clientUpdateProhibited
   Domain Status: serverDeleteProhibited https://icann.org/epp#serverDeleteProhibited
   Domain Status: serverTransferProhibited https://icann.org/epp#serverTransferProhibited
   Domain Status: serverUpdateProhibited https://icann.org/epp#serverUpdateProhibited
   Name Server: NS1.GOOGLE.COM
   Name Server: NS2.GOOGLE.COM
   Name Server: NS3.GOOGLE.COM
   Name Server: NS4.GOOGLE.COM
   DNSSEC: unsigned
   URL of the ICANN Whois Inaccuracy Complaint Form: https://www.icann.org/wicf/
>>> Last update of whois database: 2020-10-18T15:55:46Z <<<

For more information on Whois status codes, please visit https://icann.org/epp

NOTICE: The expiration date displayed in this record is the date the
registrar's sponsorship of the domain name registration in the registry is
currently set to expire. This date does not necessarily reflect the expiration
date of the domain name registrant's agreement with the sponsoring
registrar.  Users may consult the sponsoring registrar's Whois database to
view the registrar's reported date of expiration for this registration.

TERMS OF USE: You are not authorized to access or query our Whois
database through the use of electronic processes that are high-volume and
automated except as reasonably necessary to register domain names or
modify existing registrations; the Data in VeriSign Global Registry
Services' ("VeriSign") Whois database is provided by VeriSign for
information purposes only, and to assist persons in obtaining information
about or related to a domain name registration record. VeriSign does not
guarantee its accuracy. By submitting a Whois query, you agree to abide
by the following terms of use: You agree that you may use this Data only
for lawful purposes and that under no circumstances will you use this Data
to: (1) allow, enable, or otherwise support the transmission of mass
unsolicited, commercial advertising or solicitations via e-mail, telephone,
or facsimile; or (2) enable high volume, automated, electronic processes
that apply to VeriSign (or its computer systems). The compilation,
repackaging, dissemination or other use of this Data is expressly
prohibited without the prior written consent of VeriSign. You agree not to
use electronic processes that are automated and high-volume to access or
query the Whois database except as reasonably necessary to register
domain names or modify existing registrations. VeriSign reserves the right
to restrict your access to the Whois database in its sole discretion to ensure
operational stability.  VeriSign may restrict or terminate your access to the
Whois database for failure to abide by these terms of use. VeriSign
reserves the right to modify these terms at any time.

The Registry database contains ONLY .COM, .NET, .EDU domains and
Registrars.
Domain Name: google.com
Registry Domain ID: 2138514_DOMAIN_COM-VRSN
Registrar WHOIS Server: whois.markmonitor.com
Registrar URL: http://www.markmonitor.com
Updated Date: 2019-09-09T08:39:04-0700
Creation Date: 1997-09-15T00:00:00-0700
Registrar Registration Expiration Date: 2028-09-13T00:00:00-0700
Registrar: MarkMonitor, Inc.
Registrar IANA ID: 292
Registrar Abuse Contact Email: abusecomplaints@markmonitor.com
Registrar Abuse Contact Phone: +1.2083895770
Domain Status: clientUpdateProhibited (https://www.icann.org/epp#clientUpdateProhibited)
Domain Status: clientTransferProhibited (https://www.icann.org/epp#clientTransferProhibited)
Domain Status: clientDeleteProhibited (https://www.icann.org/epp#clientDeleteProhibited)
Domain Status: serverUpdateProhibited (https://www.icann.org/epp#serverUpdateProhibited)
Domain Status: serverTransferProhibited (https://www.icann.org/epp#serverTransferProhibited)
Domain Status: serverDeleteProhibited (https://www.icann.org/epp#serverDeleteProhibited)
Registrant Organization: Google LLC
Registrant State/Province: CA
Registrant Country: US
Registrant Email: Select Request Email Form at https://domains.markmonitor.com/whois/google.com
Admin Organization: Google LLC
Admin State/Province: CA
Admin Country: US
Admin Email: Select Request Email Form at https://domains.markmonitor.com/whois/google.com
Tech Organization: Google LLC
Tech State/Province: CA
Tech Country: US
Tech Email: Select Request Email Form at https://domains.markmonitor.com/whois/google.com
Name Server: ns3.google.com
Name Server: ns2.google.com
Name Server: ns4.google.com
Name Server: ns1.google.com
DNSSEC: unsigned
URL of the ICANN WHOIS Data Problem Reporting System: http://wdprs.internic.net/
>>> Last update of WHOIS database: 2020-10-18T08:52:09-0700 <<<

For more information on WHOIS status codes, please visit:
  https://www.icann.org/resources/pages/epp-status-codes

If you wish to contact this domain’s Registrant, Administrative, or Technical
contact, and such email address is not visible above, you may do so via our web
form, pursuant to ICANN’s Temporary Specification. To verify that you are not a
robot, please enter your email address to receive a link to a page that
facilitates email communication with the relevant contact(s).

Web-based WHOIS:
  https://domains.markmonitor.com/whois

If you have a legitimate interest in viewing the non-public WHOIS details, send
your request and the reasons for your request to whoisrequest@markmonitor.com
and specify the domain name in the subject line. We will review that request and
may ask for supporting documentation and explanation.

The data in MarkMonitor’s WHOIS database is provided for information purposes,
and to assist persons in obtaining information about or related to a domain
name’s registration record. While MarkMonitor believes the data to be accurate,
the data is provided "as is" with no guarantee or warranties regarding its
accuracy.

By submitting a WHOIS query, you agree that you will use this data only for
lawful purposes and that, under no circumstances will you use this data to:
  (1) allow, enable, or otherwise support the transmission by email, telephone,
or facsimile of mass, unsolicited, commercial advertising, or spam; or
  (2) enable high volume, automated, or electronic processes that send queries,
data, or email to MarkMonitor (or its systems) or the domain name contacts (or
its systems).

MarkMonitor reserves the right to modify these terms at any time.

By submitting this query, you agree to abide by this policy.

MarkMonitor Domain Management(TM)
Protecting companies and consumers in a digital world.

Visit MarkMonitor at https://www.markmonitor.com
Contact us at +1.8007459229
In Europe, at +44.02032062220
--

extraterrestrial_@extrakek:~$ nmap -sn 192.168.0.102/24

Starting Nmap 7.60 ( https://nmap.org ) at 2020-10-18 19:14 MSK
Nmap scan report for _gateway (192.168.0.1)
Host is up (0.0011s latency).
Nmap scan report for 192.168.0.101
Host is up (0.046s latency).
Nmap scan report for extrakek (192.168.0.102)
Host is up (0.00032s latency).
Nmap done: 256 IP addresses (3 hosts up) scanned in 2.42 seconds
extraterrestrial_@extrakek:~$ nmap 192.168.0.102/24

Starting Nmap 7.60 ( https://nmap.org ) at 2020-10-18 19:14 MSK
Nmap scan report for _gateway (192.168.0.1)
Host is up (0.0096s latency).
Not shown: 996 closed ports
PORT     STATE SERVICE
22/tcp   open  ssh
53/tcp   open  domain
80/tcp   open  http
1900/tcp open  upnp

Nmap scan report for 192.168.0.101
Host is up (0.0039s latency).
All 1000 scanned ports on 192.168.0.101 are closed

Nmap scan report for extrakek (192.168.0.102)
Host is up (0.000035s latency).
All 1000 scanned ports on extrakek (192.168.0.102) are closed

Nmap done: 256 IP addresses (3 hosts up) scanned in 3.02 seconds

extraterrestrial_@extrakek:~$ sudo tcpdump -i wlp2s0
tcpdump: verbose output suppressed, use -v or -vv for full protocol decode
listening on wlp2s0, link-type EN10MB (Ethernet), capture size 262144 bytes
19:19:22.209595 IP hosted-by.i3d.net.50004 > extrakek.50896: UDP, length 749
19:19:22.212963 IP hosted-by.i3d.net.50004 > extrakek.50896: UDP, length 180
19:19:22.214789 IP hosted-by.i3d.net.50004 > extrakek.50896: UDP, length 43
^C
3 packets captured
3 packets received by filter
0 packets dropped by kernel

extraterrestrial_@extrakek:~$ sudo iptables -L
Chain INPUT (policy ACCEPT)
target     prot opt source               destination         

Chain FORWARD (policy ACCEPT)
target     prot opt source               destination         

Chain OUTPUT (policy ACCEPT)
target     prot opt source               destination         

extraterrestrial_@extrakek:~$ wget -O newDownload.zip http://ftp.gnu.org/gnu/wget/wget-1.5.3.tar.gz
--2020-10-18 19:46:32--  http://ftp.gnu.org/gnu/wget/wget-1.5.3.tar.gz
Распознаётся ftp.gnu.org (ftp.gnu.org)… 209.51.188.20
Подключение к ftp.gnu.org (ftp.gnu.org)|209.51.188.20|:80... соединение установлено.
HTTP-запрос отправлен. Ожидание ответа… 200 OK
Длина: 446966 (436K) [application/x-gzip]
Сохранение в: «newDownload.zip»

newDownload.zip                                             100%[=========================================================================================================================================>] 436,49K   473KB/s    за 0,9s    

2020-10-18 19:46:33 (473 KB/s) - «newDownload.zip» сохранён [446966/446966]

